// Jest Snapshot v1, https://goo.gl/fbAQLP

exports[`serverList 1`] = `
Object {
  "servers": Array [],
}
`;

exports[`serverList 2`] = `
Object {
  "servers": Array [],
}
`;

exports[`serverList 3`] = `
Object {
  "servers": Array [],
}
`;
