// Jest Snapshot v1, https://goo.gl/fbAQLP

exports[`serverList 1`] = `Array []`;

exports[`serverList 2`] = `Array []`;

exports[`serverList 3`] = `Array []`;
